// Jest Snapshot v1, https://goo.gl/fbAQLP

exports[`should render expense list with empty expenses list 1`] = `
<div>
  <p>
    No expenses
  </p>
</div>
`;

exports[`should render expense list with expenses 1`] = `
<div>
  <ExpenseListItem
    amount={195}
    createdAt={0}
    description="gum"
    id={1}
    key="1"
    note=""
  />
  <ExpenseListItem
    amount={195600}
    createdAt={-345600000}
    description="purse"
    id={2}
    key="2"
    note=""
  />
  <ExpenseListItem
    amount={4500}
    createdAt={345600000}
    description="credit card"
    id={3}
    key="3"
    note=""
  />
</div>
`;
