// Jest Snapshot v1, https://goo.gl/fbAQLP

exports[`should render loading page corectly 1`] = `
<div
  className="loader"
>
  <img
    className="loader__img"
    src="/img/loader.gif"
  />
</div>
`;
